Analysis & Synthesis report for SAP1
Sat Mar 05 19:26:38 2022
Quartus Prime Version 20.1.1 Build 720 11/11/2020 SJ Lite Edition


---------------------
; Table of Contents ;
---------------------
  1. Legal Notice
  2. Analysis & Synthesis Summary
  3. Analysis & Synthesis Settings
  4. Parallel Compilation
  5. Analysis & Synthesis Source Files Read
  6. Analysis & Synthesis Resource Usage Summary
  7. Analysis & Synthesis Resource Utilization by Entity
  8. General Register Statistics
  9. Multiplexer Restructuring Statistics (Restructuring Performed)
 10. Parameter Settings for User Entity Instance: Registrador:mar
 11. Parameter Settings for User Entity Instance: Registrador:ir
 12. Parameter Settings for User Entity Instance: Registrador:ar
 13. Parameter Settings for User Entity Instance: Registrador:br
 14. Parameter Settings for User Entity Instance: Registrador:outr
 15. Parameter Settings for User Entity Instance: MEM:mem
 16. Parameter Settings for User Entity Instance: Control_Unit:control_unit
 17. Port Connectivity Checks: "Registrador:mar"
 18. Post-Synthesis Netlist Statistics for Top Partition
 19. Elapsed Time Per Partition
 20. Analysis & Synthesis Messages
 21. Analysis & Synthesis Suppressed Messages



----------------
; Legal Notice ;
----------------
Copyright (C) 2020  Intel Corporation. All rights reserved.
Your use of Intel Corporation's design tools, logic functions 
and other software and tools, and any partner logic 
functions, and any output files from any of the foregoing 
(including device programming or simulation files), and any 
associated documentation or information are expressly subject 
to the terms and conditions of the Intel Program License 
Subscription Agreement, the Intel Quartus Prime License Agreement,
the Intel FPGA IP License Agreement, or other applicable license
agreement, including, without limitation, that your use is for
the sole purpose of programming logic devices manufactured by
Intel and sold by Intel or its authorized distributors.  Please
refer to the applicable agreement for further details, at
https://fpgasoftware.intel.com/eula.



+----------------------------------------------------------------------------------+
; Analysis & Synthesis Summary                                                     ;
+------------------------------------+---------------------------------------------+
; Analysis & Synthesis Status        ; Successful - Sat Mar 05 19:26:38 2022       ;
; Quartus Prime Version              ; 20.1.1 Build 720 11/11/2020 SJ Lite Edition ;
; Revision Name                      ; SAP1                                        ;
; Top-level Entity Name              ; SAP1                                        ;
; Family                             ; Cyclone IV E                                ;
; Total logic elements               ; 115                                         ;
;     Total combinational functions  ; 87                                          ;
;     Dedicated logic registers      ; 43                                          ;
; Total registers                    ; 43                                          ;
; Total pins                         ; 30                                          ;
; Total virtual pins                 ; 0                                           ;
; Total memory bits                  ; 0                                           ;
; Embedded Multiplier 9-bit elements ; 0                                           ;
; Total PLLs                         ; 0                                           ;
+------------------------------------+---------------------------------------------+


+------------------------------------------------------------------------------------------------------------+
; Analysis & Synthesis Settings                                                                              ;
+------------------------------------------------------------------+--------------------+--------------------+
; Option                                                           ; Setting            ; Default Value      ;
+------------------------------------------------------------------+--------------------+--------------------+
; Device                                                           ; EP4CE30F23C7       ;                    ;
; Top-level entity name                                            ; SAP1               ; SAP1               ;
; Family name                                                      ; Cyclone IV E       ; Cyclone V          ;
; Maximum processors allowed for parallel compilation              ; All                ;                    ;
; Use smart compilation                                            ; Off                ; Off                ;
; Enable parallel Assembler and Timing Analyzer during compilation ; On                 ; On                 ;
; Enable compact report table                                      ; Off                ; Off                ;
; Restructure Multiplexers                                         ; Auto               ; Auto               ;
; Create Debugging Nodes for IP Cores                              ; Off                ; Off                ;
; Preserve fewer node names                                        ; On                 ; On                 ;
; Intel FPGA IP Evaluation Mode                                    ; Enable             ; Enable             ;
; Verilog Version                                                  ; Verilog_2001       ; Verilog_2001       ;
; VHDL Version                                                     ; VHDL_1993          ; VHDL_1993          ;
; State Machine Processing                                         ; Auto               ; Auto               ;
; Safe State Machine                                               ; Off                ; Off                ;
; Extract Verilog State Machines                                   ; On                 ; On                 ;
; Extract VHDL State Machines                                      ; On                 ; On                 ;
; Ignore Verilog initial constructs                                ; Off                ; Off                ;
; Iteration limit for constant Verilog loops                       ; 5000               ; 5000               ;
; Iteration limit for non-constant Verilog loops                   ; 250                ; 250                ;
; Add Pass-Through Logic to Inferred RAMs                          ; On                 ; On                 ;
; Infer RAMs from Raw Logic                                        ; On                 ; On                 ;
; Parallel Synthesis                                               ; On                 ; On                 ;
; DSP Block Balancing                                              ; Auto               ; Auto               ;
; NOT Gate Push-Back                                               ; On                 ; On                 ;
; Power-Up Don't Care                                              ; On                 ; On                 ;
; Remove Redundant Logic Cells                                     ; Off                ; Off                ;
; Remove Duplicate Registers                                       ; On                 ; On                 ;
; Ignore CARRY Buffers                                             ; Off                ; Off                ;
; Ignore CASCADE Buffers                                           ; Off                ; Off                ;
; Ignore GLOBAL Buffers                                            ; Off                ; Off                ;
; Ignore ROW GLOBAL Buffers                                        ; Off                ; Off                ;
; Ignore LCELL Buffers                                             ; Off                ; Off                ;
; Ignore SOFT Buffers                                              ; On                 ; On                 ;
; Limit AHDL Integers to 32 Bits                                   ; Off                ; Off                ;
; Optimization Technique                                           ; Balanced           ; Balanced           ;
; Carry Chain Length                                               ; 70                 ; 70                 ;
; Auto Carry Chains                                                ; On                 ; On                 ;
; Auto Open-Drain Pins                                             ; On                 ; On                 ;
; Perform WYSIWYG Primitive Resynthesis                            ; Off                ; Off                ;
; Auto ROM Replacement                                             ; On                 ; On                 ;
; Auto RAM Replacement                                             ; On                 ; On                 ;
; Auto DSP Block Replacement                                       ; On                 ; On                 ;
; Auto Shift Register Replacement                                  ; Auto               ; Auto               ;
; Allow Shift Register Merging across Hierarchies                  ; Auto               ; Auto               ;
; Auto Clock Enable Replacement                                    ; On                 ; On                 ;
; Strict RAM Replacement                                           ; Off                ; Off                ;
; Allow Synchronous Control Signals                                ; On                 ; On                 ;
; Force Use of Synchronous Clear Signals                           ; Off                ; Off                ;
; Auto RAM Block Balancing                                         ; On                 ; On                 ;
; Auto RAM to Logic Cell Conversion                                ; Off                ; Off                ;
; Auto Resource Sharing                                            ; Off                ; Off                ;
; Allow Any RAM Size For Recognition                               ; Off                ; Off                ;
; Allow Any ROM Size For Recognition                               ; Off                ; Off                ;
; Allow Any Shift Register Size For Recognition                    ; Off                ; Off                ;
; Use LogicLock Constraints during Resource Balancing              ; On                 ; On                 ;
; Ignore translate_off and synthesis_off directives                ; Off                ; Off                ;
; Timing-Driven Synthesis                                          ; On                 ; On                 ;
; Report Parameter Settings                                        ; On                 ; On                 ;
; Report Source Assignments                                        ; On                 ; On                 ;
; Report Connectivity Checks                                       ; On                 ; On                 ;
; Ignore Maximum Fan-Out Assignments                               ; Off                ; Off                ;
; Synchronization Register Chain Length                            ; 2                  ; 2                  ;
; Power Optimization During Synthesis                              ; Normal compilation ; Normal compilation ;
; HDL message level                                                ; Level2             ; Level2             ;
; Suppress Register Optimization Related Messages                  ; Off                ; Off                ;
; Number of Removed Registers Reported in Synthesis Report         ; 5000               ; 5000               ;
; Number of Swept Nodes Reported in Synthesis Report               ; 5000               ; 5000               ;
; Number of Inverted Registers Reported in Synthesis Report        ; 100                ; 100                ;
; Clock MUX Protection                                             ; On                 ; On                 ;
; Auto Gated Clock Conversion                                      ; Off                ; Off                ;
; Block Design Naming                                              ; Auto               ; Auto               ;
; SDC constraint protection                                        ; Off                ; Off                ;
; Synthesis Effort                                                 ; Auto               ; Auto               ;
; Shift Register Replacement - Allow Asynchronous Clear Signal     ; On                 ; On                 ;
; Pre-Mapping Resynthesis Optimization                             ; Off                ; Off                ;
; Analysis & Synthesis Message Level                               ; Medium             ; Medium             ;
; Disable Register Merging Across Hierarchies                      ; Auto               ; Auto               ;
; Resource Aware Inference For Block RAM                           ; On                 ; On                 ;
+------------------------------------------------------------------+--------------------+--------------------+


+------------------------------------------+
; Parallel Compilation                     ;
+----------------------------+-------------+
; Processors                 ; Number      ;
+----------------------------+-------------+
; Number detected on machine ; 8           ;
; Maximum allowed            ; 4           ;
;                            ;             ;
; Average used               ; 1.00        ;
; Maximum used               ; 4           ;
;                            ;             ;
; Usage by Processor         ; % Time Used ;
;     Processor 1            ; 100.0%      ;
;     Processor 2            ;   0.0%      ;
;     Processors 3-4         ;   0.0%      ;
+----------------------------+-------------+


+----------------------------------------------------------------------------------------------------------------------------------+
; Analysis & Synthesis Source Files Read                                                                                           ;
+----------------------------------+-----------------+------------------------+------------------------------------------+---------+
; File Name with User-Entered Path ; Used in Netlist ; File Type              ; File Name with Absolute Path             ; Library ;
+----------------------------------+-----------------+------------------------+------------------------------------------+---------+
; rtl/Bus_MUX.v                    ; yes             ; User Verilog HDL File  ; C:/projects/fpga/SAP1/rtl/Bus_MUX.v      ;         ;
; rtl/const.v                      ; yes             ; User Verilog HDL File  ; C:/projects/fpga/SAP1/rtl/const.v        ;         ;
; rtl/SAP1.v                       ; yes             ; User Verilog HDL File  ; C:/projects/fpga/SAP1/rtl/SAP1.v         ;         ;
; rtl/ULA.v                        ; yes             ; User Verilog HDL File  ; C:/projects/fpga/SAP1/rtl/ULA.v          ;         ;
; rtl/Registrador.v                ; yes             ; User Verilog HDL File  ; C:/projects/fpga/SAP1/rtl/Registrador.v  ;         ;
; rtl/PC.v                         ; yes             ; User Verilog HDL File  ; C:/projects/fpga/SAP1/rtl/PC.v           ;         ;
; rtl/MEM.v                        ; yes             ; User Verilog HDL File  ; C:/projects/fpga/SAP1/rtl/MEM.v          ;         ;
; rtl/Control_Unit.v               ; yes             ; User Verilog HDL File  ; C:/projects/fpga/SAP1/rtl/Control_Unit.v ;         ;
+----------------------------------+-----------------+------------------------+------------------------------------------+---------+


+--------------------------------------------------------+
; Analysis & Synthesis Resource Usage Summary            ;
+---------------------------------------------+----------+
; Resource                                    ; Usage    ;
+---------------------------------------------+----------+
; Estimated Total logic elements              ; 115      ;
;                                             ;          ;
; Total combinational functions               ; 87       ;
; Logic element usage by number of LUT inputs ;          ;
;     -- 4 input functions                    ; 46       ;
;     -- 3 input functions                    ; 23       ;
;     -- <=2 input functions                  ; 18       ;
;                                             ;          ;
; Logic elements by mode                      ;          ;
;     -- normal mode                          ; 79       ;
;     -- arithmetic mode                      ; 8        ;
;                                             ;          ;
; Total registers                             ; 43       ;
;     -- Dedicated logic registers            ; 43       ;
;     -- I/O registers                        ; 0        ;
;                                             ;          ;
; I/O pins                                    ; 30       ;
;                                             ;          ;
; Embedded Multiplier 9-bit elements          ; 0        ;
;                                             ;          ;
; Maximum fan-out node                        ; CK~input ;
; Maximum fan-out                             ; 43       ;
; Total fan-out                               ; 520      ;
; Average fan-out                             ; 2.74     ;
+---------------------------------------------+----------+


+---------------------------------------------------------------------------------------------------------------------------------------------------------------------------------------------------------------------------+
; Analysis & Synthesis Resource Utilization by Entity                                                                                                                                                                       ;
+--------------------------------+---------------------+---------------------------+-------------+--------------+---------+-----------+------+--------------+---------------------------------+--------------+--------------+
; Compilation Hierarchy Node     ; Combinational ALUTs ; Dedicated Logic Registers ; Memory Bits ; DSP Elements ; DSP 9x9 ; DSP 18x18 ; Pins ; Virtual Pins ; Full Hierarchy Name             ; Entity Name  ; Library Name ;
+--------------------------------+---------------------+---------------------------+-------------+--------------+---------+-----------+------+--------------+---------------------------------+--------------+--------------+
; |SAP1                          ; 87 (0)              ; 43 (0)                    ; 0           ; 0            ; 0       ; 0         ; 30   ; 0            ; |SAP1                           ; SAP1         ; work         ;
;    |Bus_MUX:bus_mux|           ; 37 (37)             ; 0 (0)                     ; 0           ; 0            ; 0       ; 0         ; 0    ; 0            ; |SAP1|Bus_MUX:bus_mux           ; Bus_MUX      ; work         ;
;    |Control_Unit:control_unit| ; 21 (21)             ; 3 (3)                     ; 0           ; 0            ; 0       ; 0         ; 0    ; 0            ; |SAP1|Control_Unit:control_unit ; Control_Unit ; work         ;
;    |MEM:mem|                   ; 6 (6)               ; 0 (0)                     ; 0           ; 0            ; 0       ; 0         ; 0    ; 0            ; |SAP1|MEM:mem                   ; MEM          ; work         ;
;    |PC:pc|                     ; 5 (5)               ; 4 (4)                     ; 0           ; 0            ; 0       ; 0         ; 0    ; 0            ; |SAP1|PC:pc                     ; PC           ; work         ;
;    |Registrador:ar|            ; 0 (0)               ; 8 (8)                     ; 0           ; 0            ; 0       ; 0         ; 0    ; 0            ; |SAP1|Registrador:ar            ; Registrador  ; work         ;
;    |Registrador:br|            ; 0 (0)               ; 8 (8)                     ; 0           ; 0            ; 0       ; 0         ; 0    ; 0            ; |SAP1|Registrador:br            ; Registrador  ; work         ;
;    |Registrador:ir|            ; 0 (0)               ; 8 (8)                     ; 0           ; 0            ; 0       ; 0         ; 0    ; 0            ; |SAP1|Registrador:ir            ; Registrador  ; work         ;
;    |Registrador:mar|           ; 0 (0)               ; 4 (4)                     ; 0           ; 0            ; 0       ; 0         ; 0    ; 0            ; |SAP1|Registrador:mar           ; Registrador  ; work         ;
;    |Registrador:outr|          ; 0 (0)               ; 8 (8)                     ; 0           ; 0            ; 0       ; 0         ; 0    ; 0            ; |SAP1|Registrador:outr          ; Registrador  ; work         ;
;    |ULA:ula|                   ; 18 (18)             ; 0 (0)                     ; 0           ; 0            ; 0       ; 0         ; 0    ; 0            ; |SAP1|ULA:ula                   ; ULA          ; work         ;
+--------------------------------+---------------------+---------------------------+-------------+--------------+---------+-----------+------+--------------+---------------------------------+--------------+--------------+
Note: For table entries with two numbers listed, the numbers in parentheses indicate the number of resources of the given type used by the specific entity alone. The numbers listed outside of parentheses indicate the total resources of the given type used by the specific entity and all of its sub-entities in the hierarchy.


+------------------------------------------------------+
; General Register Statistics                          ;
+----------------------------------------------+-------+
; Statistic                                    ; Value ;
+----------------------------------------------+-------+
; Total registers                              ; 43    ;
; Number of registers using Synchronous Clear  ; 0     ;
; Number of registers using Synchronous Load   ; 0     ;
; Number of registers using Asynchronous Clear ; 43    ;
; Number of registers using Asynchronous Load  ; 0     ;
; Number of registers using Clock Enable       ; 37    ;
; Number of registers using Preset             ; 0     ;
+----------------------------------------------+-------+


+------------------------------------------------------------------------------------------------------------------------------------------------+
; Multiplexer Restructuring Statistics (Restructuring Performed)                                                                                 ;
+--------------------+-----------+---------------+----------------------+------------------------+------------+----------------------------------+
; Multiplexer Inputs ; Bus Width ; Baseline Area ; Area if Restructured ; Saving if Restructured ; Registered ; Example Multiplexer Output       ;
+--------------------+-----------+---------------+----------------------+------------------------+------------+----------------------------------+
; 5:1                ; 3 bits    ; 9 LEs         ; 6 LEs                ; 3 LEs                  ; No         ; |SAP1|Bus_MUX:bus_mux|BUS_OUT[4] ;
; 5:1                ; 3 bits    ; 9 LEs         ; 9 LEs                ; 0 LEs                  ; No         ; |SAP1|Bus_MUX:bus_mux|BUS_OUT[0] ;
+--------------------+-----------+---------------+----------------------+------------------------+------------+----------------------------------+


+--------------------------------------------------------------+
; Parameter Settings for User Entity Instance: Registrador:mar ;
+----------------+-------+-------------------------------------+
; Parameter Name ; Value ; Type                                ;
+----------------+-------+-------------------------------------+
; DATA_SIZE      ; 4     ; Signed Integer                      ;
+----------------+-------+-------------------------------------+
Note: In order to hide this table in the UI and the text report file, please set the "Show Parameter Settings in Synthesis Report" option in "Analysis and Synthesis Settings -> More Settings" to "Off".


+-------------------------------------------------------------+
; Parameter Settings for User Entity Instance: Registrador:ir ;
+----------------+-------+------------------------------------+
; Parameter Name ; Value ; Type                               ;
+----------------+-------+------------------------------------+
; DATA_SIZE      ; 8     ; Signed Integer                     ;
+----------------+-------+------------------------------------+
Note: In order to hide this table in the UI and the text report file, please set the "Show Parameter Settings in Synthesis Report" option in "Analysis and Synthesis Settings -> More Settings" to "Off".


+-------------------------------------------------------------+
; Parameter Settings for User Entity Instance: Registrador:ar ;
+----------------+-------+------------------------------------+
; Parameter Name ; Value ; Type                               ;
+----------------+-------+------------------------------------+
; DATA_SIZE      ; 8     ; Signed Integer                     ;
+----------------+-------+------------------------------------+
Note: In order to hide this table in the UI and the text report file, please set the "Show Parameter Settings in Synthesis Report" option in "Analysis and Synthesis Settings -> More Settings" to "Off".


+-------------------------------------------------------------+
; Parameter Settings for User Entity Instance: Registrador:br ;
+----------------+-------+------------------------------------+
; Parameter Name ; Value ; Type                               ;
+----------------+-------+------------------------------------+
; DATA_SIZE      ; 8     ; Signed Integer                     ;
+----------------+-------+------------------------------------+
Note: In order to hide this table in the UI and the text report file, please set the "Show Parameter Settings in Synthesis Report" option in "Analysis and Synthesis Settings -> More Settings" to "Off".


+---------------------------------------------------------------+
; Parameter Settings for User Entity Instance: Registrador:outr ;
+----------------+-------+--------------------------------------+
; Parameter Name ; Value ; Type                                 ;
+----------------+-------+--------------------------------------+
; DATA_SIZE      ; 8     ; Signed Integer                       ;
+----------------+-------+--------------------------------------+
Note: In order to hide this table in the UI and the text report file, please set the "Show Parameter Settings in Synthesis Report" option in "Analysis and Synthesis Settings -> More Settings" to "Off".


+------------------------------------------------------+
; Parameter Settings for User Entity Instance: MEM:mem ;
+----------------+-----------------+-------------------+
; Parameter Name ; Value           ; Type              ;
+----------------+-----------------+-------------------+
; DATA_WIDTH     ; 8               ; Signed Integer    ;
; ADDR_WIDTH     ; 4               ; Signed Integer    ;
; ROM_FILE       ; rom/program.rom ; String            ;
+----------------+-----------------+-------------------+
Note: In order to hide this table in the UI and the text report file, please set the "Show Parameter Settings in Synthesis Report" option in "Analysis and Synthesis Settings -> More Settings" to "Off".


+------------------------------------------------------------------------+
; Parameter Settings for User Entity Instance: Control_Unit:control_unit ;
+------------------------+-----------------------+-----------------------+
; Parameter Name         ; Value                 ; Type                  ;
+------------------------+-----------------------+-----------------------+
; ROM_MICRO_INSTR_FILE_1 ; rom/micro_instr_1.rom ; String                ;
; ROM_MICRO_INSTR_FILE_2 ; rom/micro_instr_2.rom ; String                ;
+------------------------+-----------------------+-----------------------+
Note: In order to hide this table in the UI and the text report file, please set the "Show Parameter Settings in Synthesis Report" option in "Analysis and Synthesis Settings -> More Settings" to "Off".


+-----------------------------------------------------------------------------------------------------------------------------------------------------------------------------------------------------------------+
; Port Connectivity Checks: "Registrador:mar"                                                                                                                                                                     ;
+----------+--------+----------+----------------------------------------------------------------------------------------------------------------------------------------------------------------------------------+
; Port     ; Type   ; Severity ; Details                                                                                                                                                                          ;
+----------+--------+----------+----------------------------------------------------------------------------------------------------------------------------------------------------------------------------------+
; DATA_IN  ; Input  ; Warning  ; Input port expression (8 bits) is wider than the input port (4 bits) it drives.  The 4 most-significant bit(s) in the expression will be dangling if they have no other fanouts. ;
; DATA_OUT ; Output ; Warning  ; Output or bidir port (4 bits) is smaller than the port expression (8 bits) it drives.  The 4 most-significant bit(s) in the port expression will be connected to GND.            ;
+----------+--------+----------+----------------------------------------------------------------------------------------------------------------------------------------------------------------------------------+


+-----------------------------------------------------+
; Post-Synthesis Netlist Statistics for Top Partition ;
+-----------------------+-----------------------------+
; Type                  ; Count                       ;
+-----------------------+-----------------------------+
; boundary_port         ; 30                          ;
; cycloneiii_ff         ; 43                          ;
;     CLR               ; 6                           ;
;     ENA CLR           ; 37                          ;
; cycloneiii_io_obuf    ; 8                           ;
; cycloneiii_lcell_comb ; 88                          ;
;     arith             ; 8                           ;
;         3 data inputs ; 8                           ;
;     normal            ; 80                          ;
;         1 data inputs ; 2                           ;
;         2 data inputs ; 17                          ;
;         3 data inputs ; 15                          ;
;         4 data inputs ; 46                          ;
;                       ;                             ;
; Max LUT depth         ; 7.50                        ;
; Average LUT depth     ; 4.58                        ;
+-----------------------+-----------------------------+


+-------------------------------+
; Elapsed Time Per Partition    ;
+----------------+--------------+
; Partition Name ; Elapsed Time ;
+----------------+--------------+
; Top            ; 00:00:00     ;
+----------------+--------------+


+-------------------------------+
; Analysis & Synthesis Messages ;
+-------------------------------+
Info: *******************************************************************
Info: Running Quartus Prime Analysis & Synthesis
    Info: Version 20.1.1 Build 720 11/11/2020 SJ Lite Edition
    Info: Processing started: Sat Mar 05 19:26:30 2022
Info: Command: quartus_map --read_settings_files=on --write_settings_files=off SAP1 -c SAP1
Info (20030): Parallel compilation is enabled and will use 4 of the 4 processors detected
Info (12021): Found 1 design units, including 1 entities, in source file rtl/bus_mux.v
    Info (12023): Found entity 1: Bus_MUX File: C:/projects/fpga/SAP1/rtl/Bus_MUX.v Line: 3
Info (12021): Found 0 design units, including 0 entities, in source file rtl/const.v
Info (12021): Found 1 design units, including 1 entities, in source file rtl/reset_sync.bdf
    Info (12023): Found entity 1: reset_sync
Info (12021): Found 1 design units, including 1 entities, in source file rtl/framework_mercurioiv.v
    Info (12023): Found entity 1: Framework_MercurioIV File: C:/projects/fpga/SAP1/rtl/Framework_MercurioIV.v Line: 13
Info (12021): Found 1 design units, including 1 entities, in source file rtl/sap1.v
    Info (12023): Found entity 1: SAP1 File: C:/projects/fpga/SAP1/rtl/SAP1.v Line: 3
Info (12021): Found 1 design units, including 1 entities, in source file rtl/ula.v
    Info (12023): Found entity 1: ULA File: C:/projects/fpga/SAP1/rtl/ULA.v Line: 1
Info (12021): Found 1 design units, including 1 entities, in source file rtl/registrador.v
    Info (12023): Found entity 1: Registrador File: C:/projects/fpga/SAP1/rtl/Registrador.v Line: 1
Info (12021): Found 1 design units, including 1 entities, in source file rtl/pc.v
    Info (12023): Found entity 1: PC File: C:/projects/fpga/SAP1/rtl/PC.v Line: 1
Info (12021): Found 1 design units, including 1 entities, in source file rtl/mem.v
    Info (12023): Found entity 1: MEM File: C:/projects/fpga/SAP1/rtl/MEM.v Line: 3
Info (12021): Found 1 design units, including 1 entities, in source file rtl/control_unit.v
    Info (12023): Found entity 1: Control_Unit File: C:/projects/fpga/SAP1/rtl/Control_Unit.v Line: 3
Info (12127): Elaborating entity "SAP1" for the top level hierarchy
Info (12128): Elaborating entity "Bus_MUX" for hierarchy "Bus_MUX:bus_mux" File: C:/projects/fpga/SAP1/rtl/SAP1.v Line: 33
Info (12128): Elaborating entity "ULA" for hierarchy "ULA:ula" File: C:/projects/fpga/SAP1/rtl/SAP1.v Line: 42
Info (12128): Elaborating entity "Registrador" for hierarchy "Registrador:mar" File: C:/projects/fpga/SAP1/rtl/SAP1.v Line: 56
Info (12128): Elaborating entity "Registrador" for hierarchy "Registrador:ir" File: C:/projects/fpga/SAP1/rtl/SAP1.v Line: 70
Info (12128): Elaborating entity "PC" for hierarchy "PC:pc" File: C:/projects/fpga/SAP1/rtl/SAP1.v Line: 122
Warning (10230): Verilog HDL assignment warning at PC.v(21): truncated value with size 32 to match size of target (4) File: C:/projects/fpga/SAP1/rtl/PC.v Line: 21
Info (12128): Elaborating entity "MEM" for hierarchy "MEM:mem" File: C:/projects/fpga/SAP1/rtl/SAP1.v Line: 135
Warning (10850): Verilog HDL warning at MEM.v(77): number of words (11) in memory file does not match the number of elements in the address range [0:15] File: C:/projects/fpga/SAP1/rtl/MEM.v Line: 77
Warning (10030): Net "rom.data_a" at MEM.v(17) has no driver or initial value, using a default initial value '0' File: C:/projects/fpga/SAP1/rtl/MEM.v Line: 17
Warning (10030): Net "rom.waddr_a" at MEM.v(17) has no driver or initial value, using a default initial value '0' File: C:/projects/fpga/SAP1/rtl/MEM.v Line: 17
Warning (10030): Net "rom.we_a" at MEM.v(17) has no driver or initial value, using a default initial value '0' File: C:/projects/fpga/SAP1/rtl/MEM.v Line: 17
Info (12128): Elaborating entity "Control_Unit" for hierarchy "Control_Unit:control_unit" File: C:/projects/fpga/SAP1/rtl/SAP1.v Line: 149
Warning (10850): Verilog HDL warning at Control_Unit.v(26): number of words (128) in memory file does not match the number of elements in the address range [0:128] File: C:/projects/fpga/SAP1/rtl/Control_Unit.v Line: 26
Warning (10850): Verilog HDL warning at Control_Unit.v(27): number of words (128) in memory file does not match the number of elements in the address range [0:128] File: C:/projects/fpga/SAP1/rtl/Control_Unit.v Line: 27
Warning (10230): Verilog HDL assignment warning at Control_Unit.v(40): truncated value with size 32 to match size of target (3) File: C:/projects/fpga/SAP1/rtl/Control_Unit.v Line: 40
Warning (10030): Net "rom1.data_a" at Control_Unit.v(19) has no driver or initial value, using a default initial value '0' File: C:/projects/fpga/SAP1/rtl/Control_Unit.v Line: 19
Warning (10030): Net "rom1.waddr_a" at Control_Unit.v(19) has no driver or initial value, using a default initial value '0' File: C:/projects/fpga/SAP1/rtl/Control_Unit.v Line: 19
Warning (10030): Net "rom2.data_a" at Control_Unit.v(20) has no driver or initial value, using a default initial value '0' File: C:/projects/fpga/SAP1/rtl/Control_Unit.v Line: 20
Warning (10030): Net "rom2.waddr_a" at Control_Unit.v(20) has no driver or initial value, using a default initial value '0' File: C:/projects/fpga/SAP1/rtl/Control_Unit.v Line: 20
Warning (10030): Net "rom1.we_a" at Control_Unit.v(19) has no driver or initial value, using a default initial value '0' File: C:/projects/fpga/SAP1/rtl/Control_Unit.v Line: 19
Warning (10030): Net "rom2.we_a" at Control_Unit.v(20) has no driver or initial value, using a default initial value '0' File: C:/projects/fpga/SAP1/rtl/Control_Unit.v Line: 20
Info (276014): Found 3 instances of uninferred RAM logic
    Info (276007): RAM logic "Control_Unit:control_unit|rom1" is uninferred due to asynchronous read logic File: C:/projects/fpga/SAP1/rtl/Control_Unit.v Line: 19
    Info (276007): RAM logic "Control_Unit:control_unit|rom2" is uninferred due to asynchronous read logic File: C:/projects/fpga/SAP1/rtl/Control_Unit.v Line: 20
    Info (276004): RAM logic "MEM:mem|rom" is uninferred due to inappropriate RAM size File: C:/projects/fpga/SAP1/rtl/MEM.v Line: 17
Critical Warning (127005): Memory depth (256) in the design file differs from memory depth (129) in the Memory Initialization File "C:/projects/fpga/SAP1/db/SAP1.ram0_Control_Unit_3f3e3b5f.hdl.mif" -- setting initial value for remaining addresses to 0
Warning (127007): Memory Initialization File or Hexadecimal (Intel-Format) File "C:/projects/fpga/SAP1/db/SAP1.ram0_Control_Unit_3f3e3b5f.hdl.mif" contains "don't care" values -- overwriting them with 0s
Critical Warning (127005): Memory depth (256) in the design file differs from memory depth (129) in the Memory Initialization File "C:/projects/fpga/SAP1/db/SAP1.ram1_Control_Unit_3f3e3b5f.hdl.mif" -- setting initial value for remaining addresses to 0
Warning (127007): Memory Initialization File or Hexadecimal (Intel-Format) File "C:/projects/fpga/SAP1/db/SAP1.ram1_Control_Unit_3f3e3b5f.hdl.mif" contains "don't care" values -- overwriting them with 0s
Warning (127007): Memory Initialization File or Hexadecimal (Intel-Format) File "C:/projects/fpga/SAP1/db/SAP1.ram0_MEM_f496d53.hdl.mif" contains "don't care" values -- overwriting them with 0s
Warning (12241): 1 hierarchies have connectivity warnings - see the Connectivity Checks report folder
Warning (13046): Tri-state node(s) do not directly drive top-level pin(s)
    Warning (13047): Converted the fan-out from the tri-state buffer "Bus_MUX:bus_mux|BUS_OUT[0]" to the node "Registrador:outr|DATA_OUT[0]" into an OR gate File: C:/projects/fpga/SAP1/rtl/Bus_MUX.v Line: 10
    Warning (13047): Converted the fan-out from the tri-state buffer "Bus_MUX:bus_mux|BUS_OUT[1]" to the node "Registrador:outr|DATA_OUT[1]" into an OR gate File: C:/projects/fpga/SAP1/rtl/Bus_MUX.v Line: 10
    Warning (13047): Converted the fan-out from the tri-state buffer "Bus_MUX:bus_mux|BUS_OUT[2]" to the node "Registrador:outr|DATA_OUT[2]" into an OR gate File: C:/projects/fpga/SAP1/rtl/Bus_MUX.v Line: 10
    Warning (13047): Converted the fan-out from the tri-state buffer "Bus_MUX:bus_mux|BUS_OUT[3]" to the node "Registrador:outr|DATA_OUT[3]" into an OR gate File: C:/projects/fpga/SAP1/rtl/Bus_MUX.v Line: 10
    Warning (13047): Converted the fan-out from the tri-state buffer "Bus_MUX:bus_mux|BUS_OUT[4]" to the node "Registrador:outr|DATA_OUT[4]" into an OR gate File: C:/projects/fpga/SAP1/rtl/Bus_MUX.v Line: 10
    Warning (13047): Converted the fan-out from the tri-state buffer "Bus_MUX:bus_mux|BUS_OUT[5]" to the node "Registrador:outr|DATA_OUT[5]" into an OR gate File: C:/projects/fpga/SAP1/rtl/Bus_MUX.v Line: 10
    Warning (13047): Converted the fan-out from the tri-state buffer "Bus_MUX:bus_mux|BUS_OUT[6]" to the node "Registrador:outr|DATA_OUT[6]" into an OR gate File: C:/projects/fpga/SAP1/rtl/Bus_MUX.v Line: 10
    Warning (13047): Converted the fan-out from the tri-state buffer "Bus_MUX:bus_mux|BUS_OUT[7]" to the node "Registrador:outr|DATA_OUT[7]" into an OR gate File: C:/projects/fpga/SAP1/rtl/Bus_MUX.v Line: 10
Info (286030): Timing-Driven Synthesis is running
Info (144001): Generated suppressed messages file C:/projects/fpga/SAP1/output_files/SAP1.map.smsg
Info (16010): Generating hard_block partition "hard_block:auto_generated_inst"
    Info (16011): Adding 0 node(s), including 0 DDIO, 0 PLL, 0 transceiver and 0 LCELL
Info (21057): Implemented 153 device resources after synthesis - the final resource count might be different
    Info (21058): Implemented 2 input pins
    Info (21059): Implemented 28 output pins
    Info (21061): Implemented 123 logic cells
Info: Quartus Prime Analysis & Synthesis was successful. 0 errors, 29 warnings
    Info: Peak virtual memory: 4781 megabytes
    Info: Processing ended: Sat Mar 05 19:26:38 2022
    Info: Elapsed time: 00:00:08
    Info: Total CPU time (on all processors): 00:00:17


+------------------------------------------+
; Analysis & Synthesis Suppressed Messages ;
+------------------------------------------+
The suppressed messages can be found in C:/projects/fpga/SAP1/output_files/SAP1.map.smsg.


